   Γû▓ Next.js 15.5.9
   - Environments: .env.local, .env

   Creating an optimized production build ...
 Γ£ô Compiled successfully in 17.1s
   Linting and checking validity of types ...
npx :  Γ¿» ESLint: Cannot serialize key "parse" in "parser": Function values are not supported.
At line:1 char:1
+ npx next build 2>&1 | Tee-Object -FilePath build_output.txt
+ ~~~~~~~~~~~~~~~~~~~
    + CategoryInfo          : NotSpecified: ( Γ¿» ESLint: Ca... not supported.:String) [], 
RemoteException
    + FullyQualifiedErrorId : NativeCommandError
 
Failed to compile.

./src/app/api/admin/properties/pending/route.ts:84:7
Type error: Property 'where' is missing in type 'Omit<import("D:/orchids-escape-houses-1/node_module
s/drizzle-orm/sqlite-core/query-builders/select").SQLiteSelectBase<"properties", "async", 
import("D:/orchids-escape-houses-1/node_modules/@libsql/core/lib-esm/api").ResultSet, { id: 
import("D:/orchids-escape-houses-1/node_modules/drizzle-orm/sqlite-core/columns/comm...' but 
required in type 'Omit<import("D:/orchids-escape-houses-1/node_modules/drizzle-orm/sqlite-core/query
-builders/select").SQLiteSelectBase<"properties", "async", 
import("D:/orchids-escape-houses-1/node_modules/@libsql/core/lib-esm/api").ResultSet, { id: 
import("D:/orchids-escape-houses-1/node_modules/drizzle-orm/sqlite-core/columns/comm...'.

[0m [90m 82 |[39m     [90m// Apply status filter before orderBy[39m
 [90m 83 |[39m     [36mif[39m (statusParam [33m&&[39m statusParam [33m!==[39m 
[32m"all"[39m) {
[31m[1m>[22m[39m[90m 84 |[39m       propertiesQuery [33m=[39m 
propertiesQuery[33m.[39mwhere(eq(properties[33m.[39mstatus[33m,[39m statusParam [36mas[39m 
any))[33m;[39m
 [90m    |[39m       [31m[1m^[22m[39m
 [90m 85 |[39m     }
 [90m 86 |[39m
 [90m 87 |[39m     propertiesQuery [33m=[39m propertiesQuery[0m
Next.js build worker exited with code: 1 and signal: null
